Script started on 2020-04-01 03:23:51-0400
]0;sp46@gold09: ~/214/labs/extraCredit[01;32msp46@gold09[00m:[01;34m~/214/labs/extraCredit[00m$ clojure
Clojure 1.10.1
user=> ((fn [x y z] (max x y z)) 62 828 94)
828
user=> ((fn [x y z] (max x y z)) 1 -25616 -5)
1
user=> ^^?  ((fn [x y z] (max x y z)) -2 61 46 0)
46
user=> ((fn [x y z] (max x y z)) -422 -74 -919)
-74
user=> 
]0;sp46@gold09: ~/214/labs/extraCredit[01;32msp46@gold09[00m:[01;34m~/214/labs/extraCredit[00m$ clojure
(Clojure 1.10.1
user=> fn [x y x] (+              
user=> (fn [x y z] (+ x y z))
#object[user$eval136$fn__137 0x6a84bc2a "user$eval136$fn__137@6a84bc2a"]
user=> ((fn [      
]0;sp46@gold09: ~/214/labs/extraCredit[01;32msp46@gold09[00m:[01;34m~/214/labs/extraCredit[00m$ script.  2a.   1b.script
Script started, file is 1b.script
]0;sp46@gold09: ~/214/labs/extraCredit[01;32msp46@gold09[00m:[01;34m~/214/labs/extraCredit[00m$ ((  clojure
Clojure 1.10.1
user=> ((fn [x y z] (+ w y     x y z)) 3 4 5)
12
user=> ((fn [x y z] (+ x y z)) 3 4 5)      100 100 800)
1000
user=> ((fn [x] (nil? x)) 452 0)
false
user=> ((fn [x] (nil? x)) 450)
false
user=> ((fn [x] (nil? x)) 450)    00001)
false
user=> ((fn [x] (nil? x)) 450)    0)
false
user=> ((fn [x] (nil? x)) 450)    )
Execution error (ArityException) at user/eval160 (REPL:1).
Wrong number of args (0) passed to: user/eval160/fn--161
user=> ((fn [x] (nil? x)) 450)    nil)
true
user=> (f (fn [] 17.2))
17.2
user=> 
]0;sp46@gold09: ~/214/labs/extraCredit[01;32msp46@gold09[00m:[01;34m~/214/labs/extraCredit[00m$ exit
Script done, file is 1b.script
]0;sp46@gold09: ~/214/labs/extraCredit[01;32msp46@gold09[00m:[01;34m~/214/labs/extraCredit[00m$ cat 0.script 1.script 1a.script 1 b.script 2.script 3 2a.a script 3.script 3a.script 4.script 4a.script 5.s cript >extra      extraCreditLab.script
]0;sp46@gold09: ~/214/labs/extraCredit[01;32msp46@gold09[00m:[01;34m~/214/labs/extraCredit[00m$ [Kls
0.script   1.script   3a.script  4.script               [0m[01;34msrc[0m
1a.script  2a.script  3.script   5.script
1b.script  2.script   4a.script  extraCreditLab.script
]0;sp46@gold09: ~/214/labs/extraCredit[01;32msp46@gold09[00m:[01;34m~/214/labs/extraCredit[00m$ vim extraCreditLab.script
[?2004h[?1049h[22;0;0t[?1h=[?2004h[1;24r[?12h[?12l[27m[23m[29m[m[H[2J[?25l[24;1H"extraCreditLab.script" 265L, 9745C[2;1H½[6n[2;1H  [1;1H[>c]10;?]11;?[1;1HScript started on 2020-03-05 10:18:27-0500
[34m^[[m]0;sp46@gold10: ~/214/labs/extraCredit[34m^G^[[m[01;32msp46@gold10[34m^[[m[00m::[3;1H[34m^[[m[01;34m~/214/labs/extraCredit[34m^[[m[00m$ clojure[34m^M[m
Clojure 1.10.1[34m^M[m
user=> (_[34m^H[m [34m^H[m+ 1 2 3 4 5 [34m^H[m [34m^H[m)[34m^M[m
15[34m^M[m
user=> [34m^M
^[[m]0;sp46@gold10: ~/214/labs/extraCredit[34m^G^[[m[01;32msp46@gold10[34m^[[m[00m::[9;1H[34m^[[m[01;34m~/214/labs/extraCredit[34m^[[m[00m$ exit[34m^M[m

Script done on 2020-03-05 10:18:55-0500
Script started on 2020-03-05 10:23:18-0500
[34m^[[m]0;sp46@gold10: ~/214/labs/extraCredit[34m^G^[[m[01;32msp46@gold10[34m^[[m[00m::[14;1H[34m^[[m[01;34m~/214/labs/extraCredit[34m^[[m[00m$ clojure[34m^M[m
Clojure 1.10.1[34m^M[m
user=> (fn [x] (+ x x))[34m^M[m
#object[user$eval136$fn__137 0x6d467c87 "user$eval136$fn__137@6d467c88[18;1H7"][34m^M[m
user=> ((fn [x] (+ x x )) 21)[34m^M[m
42[34m^M[m
user=> ^[[A^[[B[34m^H[m [34m^H^H[m [34m^H^H[m [34m^H^H[m [34m^H^H[m [34m^H^H[m [34m^H^H[m [34m^H^H[m [34m^H[m((fn [x y] (+  [22;1H(* x x) (* y y))) 3 4)[34m^M[m
25[34m^M[m[24;52H1,1[11CTop[1;1H[?25hP+q436f\P+q6b75\P+q6b64\P+q6b72\P+q6b6c\P+q2332\P+q2334\P+q2569\P+q2a37\P+q6b31\[27m[23m[29m[m[H[2J[?25l[1;1HScript started on 2020-03-05 10:18:27-0500
[38;5;81m^[[m]0;sp46@gold10: ~/214/labs/extraCredit[38;5;81m^G^[[m[01;32msp46@gold10[38;5;81m^[[m[00m::[3;1H[38;5;81m^[[m[01;34m~/214/labs/extraCredit[38;5;81m^[[m[00m$ clojure[38;5;81m^M[m
Clojure 1.10.1[38;5;81m^M[m
user=> (_[38;5;81m^H[m [38;5;81m^H[m+ 1 2 3 4 5 [38;5;81m^H[m [38;5;81m^H[m)[38;5;81m^M[m
15[38;5;81m^M[m
user=> [38;5;81m^M
^[[m]0;sp46@gold10: ~/214/labs/extraCredit[38;5;81m^G^[[m[01;32msp46@gold10[38;5;81m^[[m[00m::[9;1H[38;5;81m^[[m[01;34m~/214/labs/extraCredit[38;5;81m^[[m[00m$ exit[38;5;81m^M[m

Script done on 2020-03-05 10:18:55-0500
Script started on 2020-03-05 10:23:18-0500
[38;5;81m^[[m]0;sp46@gold10: ~/214/labs/extraCredit[38;5;81m^G^[[m[01;32msp46@gold10[38;5;81m^[[m[00m::[14;1H[38;5;81m^[[m[01;34m~/214/labs/extraCredit[38;5;81m^[[m[00m$ clojure[38;5;81m^M[m
Clojure 1.10.1[38;5;81m^M[m
user=> (fn [x] (+ x x))[38;5;81m^M[m
#object[user$eval136$fn__137 0x6d467c87 "user$eval136$fn__137@6d467c88[18;1H7"][38;5;81m^M[m
user=> ((fn [x] (+ x x )) 21)[38;5;81m^M[m
42[38;5;81m^M[m
user=> ^[[A^[[B[38;5;81m^H[m [38;5;81m^H^H[m [38;5;81m^H^H[m [38;5;81m^H^H[m [38;5;81m^H^H[m [38;5;81m^H^H[m [38;5;81m^H^H[m [38;5;81m^H^H[m [38;5;81m^H[m((fn [x y] (+  [22;1H(* x x) (* y y))) 3 4)[38;5;81m^M[m
25[38;5;81m^M[m[24;52H1,1[11CTop"extraCreditLab.script" 265L, 9745C[1;1H[?25h[?25l[24;42H~@k[1;1H[24;42H   [1;1H[?25h[?25l[24;42H~@k[1;1H[24;42H   [1;1H[?25h[?25l[24;42H~@k[1;1H[24;42H   [1;1H[?25h[?25l[24;42H~@k[1;1H[24;42H   [1;1H[?25h[?25l[24;42H~@k[1;1H[24;42H   [1;1H[?25h[?25l[24;42H^M[1;1H[24;42H  [2;1H[24;52H2[2;1H[?25h[?25l[24;42Hi[2;1H[24;42H [2;1H[24;1H[1m-- INSERT --[m[24;13H[K[24;52H2,1[11CTop[2;1H[?25h[?25l[4;23r[4;1H[L[1;24r[2;1H[K[3;3H]0;sp46@gold10: ~/214/labs/extraCredit[38;5;81m^G^[[m[01;32msp46@gold10[38;5;81m^[[m[00m::[4;1H[38;5;81m^[[m[01;34m~/214/labs/extraCredit[38;5;81m^[[m[00m$ clojure[38;5;81m^M[m[24;52H[K[24;52H3,1[11CTop[3;1H[?25h[?25l[5;23r[5;1H[L[1;24r[3;1H[K[4;3H]0;sp46@gold10: ~/214/labs/extraCredit[38;5;81m^G^[[m[01;32msp46@gold10[38;5;81m^[[m[00m::[5;1H[38;5;81m^[[m[01;34m~/214/labs/extraCredit[38;5;81m^[[m[00m$ clojure[38;5;81m^M[m[23;1H[94m@@@                                                                  [m[24;52H[K[24;52H4,1[11CTop[4;1H[?25h[?25l[6;23r[6;1H[L[1;24r[4;1H[K[5;3H]0;sp46@gold10: ~/214/labs/extraCredit[38;5;81m^G^[[m[01;32msp46@gold10[38;5;81m^[[m[00m::[6;1H[38;5;81m^[[m[01;34m~/214/labs/extraCredit[38;5;81m^[[m[00m$ clojure[38;5;81m^M[m[24;52H[K[24;52H5,1[11CTop[5;1H[?25h[?25l[7;23r[7;1H[L[1;24r[5;1H[K[6;3H]0;sp46@gold10: ~/214/labs/extraCredit[38;5;81m^G^[[m[01;32msp46@gold10[38;5;81m^[[m[00m::[7;1H[38;5;81m^[[m[01;34m~/214/labs/extraCredit[38;5;81m^[[m[00m$ clojure[38;5;81m^M[m[24;52H[K[24;52H6,1[11CTop[6;1H[?25h[?25l[8;23r[8;1H[L[1;24r[6;1H[K[7;3H]0;sp46@gold10: ~/214/labs/extraCredit[38;5;81m^G^[[m[01;32msp46@gold10[38;5;81m^[[m[00m::[8;1H[38;5;81m^[[m[01;34m~/214/labs/extraCredit[38;5;81m^[[m[00m$ clojure[38;5;81m^M[m[24;52H[K[24;52H7,1[11CTop[7;1H[?25h[?25l[6;23r[23;1H
[1;24r[23;1Huser=> ((fn [x] (+ x x )) 21)[38;5;81m^M[m[24;52H[K[24;52H6,1[11CTop[6;1H[?25h[?25l[5;23r[23;1H
[1;24r[23;1H42[38;5;81m^M[m[24;52H[K[24;52H5,1[11CTop[5;1H[?25h[?25l[4;23r[23;1H
[1;24r[23;1Huser=> ^[[A^[[B[38;5;81m^H[m [38;5;81m^H^H[m [38;5;81m^H^H[m [38;5;81m^H^H[m [38;5;81m^H^H[m [38;5;81m^H^H[m [38;5;81m^H^H[m [38;5;81m^H^H[m [38;5;81m^H[m((fn [x y] (+[94m@@@                                                                  [m[24;52H[K[24;52H4,1[11CTop[4;1H[?25h[?25l[3;23r[23;1H
[1;24r[22;1Huser=> ^[[A^[[B[38;5;81m^H[m [38;5;81m^H^H[m [38;5;81m^H^H[m [38;5;81m^H^H[m [38;5;81m^H^H[m [38;5;81m^H^H[m [38;5;81m^H^H[m [38;5;81m^H^H[m [38;5;81m^H[m((fn [x y] (+  [23;1H(* x x) (* y y))) 3 4)[38;5;81m^M[m[24;52H[K[24;52H3,1[11CTop[3;1H[?25h[?25l[2;23r[23;1H
[1;24r[23;1H25[38;5;81m^M[m[24;5